// Jest Snapshot v1, https://goo.gl/fbAQLP

exports[`ButtonWrapper should work 1`] = `
<div
  className="buttonWrapper"
>
  <p />
  <Component />
</div>
`;
