// Jest Snapshot v1, https://goo.gl/fbAQLP

exports[`InformMethodsForm should work 1`] = `
<DocumentFragment>
  <span />
</DocumentFragment>
`;
