// Jest Snapshot v1, https://goo.gl/fbAQLP

exports[`BrickInput should work 1`] = `[Function]`;
