// Jest Snapshot v1, https://goo.gl/fbAQLP

exports[`DeleteConfirmModal should work 1`] = `
<DeleteConfirmModal
  handleCancel={[Function]}
  handleConfirm={[Function]}
  name="hello"
  visible={false}
>
  <div />
</DeleteConfirmModal>
`;
