// Jest Snapshot v1, https://goo.gl/fbAQLP

exports[`BrickSwitch should work 1`] = `
<Switch
  checked={false}
  onChange={[Function]}
/>
`;
