// Jest Snapshot v1, https://goo.gl/fbAQLP

exports[`BrickDisplayStructs should work, stringify 1`] = `
<span>
  {"text":"hello, world"}
</span>
`;
