// Jest Snapshot v1, https://goo.gl/fbAQLP

exports[`BrickPlaceholder should work 1`] = `
<DocumentFragment>
  <div
    class="placeholder"
  />
</DocumentFragment>
`;
