// Jest Snapshot v1, https://goo.gl/fbAQLP

exports[`BrickTimePicker should work 1`] = `
<TimePicker
  onChange={[Function]}
/>
`;
